
===== DEVICE IDENTITY =====
model=Pixel 8 release=15 sdk=35
fingerprint=google/shiba/shiba:15/AP3A.241005.015/12366759:user/release-keys

===== CRITERION 0 - IS YUNJIAN ACTUALLY INSTALLED =====
YUNJIAN-MEASURE app_install device_model=Pixel 8
YUNJIAN-MEASURE app_install os_build=15/35
YUNJIAN-MEASURE app_install package=top.onethinker.yunjian
YUNJIAN-MEASURE app_install installed=true

===== INSTALLED PACKAGE DETAIL (targetSdk / versionName / apk path) =====
    codePath=/data/app/~~e5nrP1wpwX0zhx-LC9mcpg==/top.onethinker.yunjian-q5b3Sv81O7L49bq-TnzjYw==
    versionCode=1000 minSdk=24 targetSdk=36
    versionName=0.1.0
      firstInstallTime=2026-08-15 22:15:22
parsed target_sdk=36 version_name=0.1.0

===== LAUNCH THE APP AND SEE IF IT STAYS UP =====
data="android.intent.category.LAUNCHER"
Events injected: 1
## Network stats: elapsed time=27ms (0ms mobile, 0ms wifi, 27ms not connected)
pid after launch: []
YUNJIAN-MEASURE app_launch process_alive=false
YUNJIAN-MEASURE app_launch pid=none

===== FOREGROUND ACTIVITY / WINDOW =====
      topResumedActivity=ActivityRecord{2bf0650 u0 com.google.android.apps.nexuslauncher/.NexusLauncherActivity t57}

===== CRASH / WEBVIEW EVIDENCE FROM LOGCAT =====
08-15 22:15:29.993 26598 26598 D AndroidRuntime: >>>>>> START com.android.internal.os.RuntimeInit uid 2000 <<<<<<
08-15 22:15:29.996 26598 26598 I AndroidRuntime: Using default boot image
08-15 22:15:29.996 26598 26598 I AndroidRuntime: Leaving lock profiling enabled
08-15 22:15:30.051 26598 26598 D nativeloader: InitDefaultPublicLibraries for_preload=1: libandroid.so:libaaudio.so:libamidi.so:libbinder_ndk.so:libc.so:libcamera2ndk.so:libdl.so:libEGL.so:libGLESv1_CM.so:libGLESv2.so:libGLESv3.so:libicu.so:libicui18n.so:libicuuc.so:libjnigraphics.so:liblog.so:libmediandk.so:libm.so:libnativehelper.so:libnativewindow.so:libOpenMAXAL.so:libOpenSLES.so:libRS.so:libstdc++.so:libsync.so:libvulkan.so:libwebviewchromium_plat_support.so:libz.so
08-15 22:15:30.079 26598 26598 D AndroidRuntime: Calling main entry com.android.commands.monkey.Monkey
08-15 22:15:30.079 26598 26598 W Monkey  : args: [-p, top.onethinker.yunjian, -c, android.intent.category.LAUNCHER, 1]
08-15 22:15:30.079 26598 26598 W Monkey  :  arg: "top.onethinker.yunjian"
08-15 22:15:30.079 26598 26598 W Monkey  : data="top.onethinker.yunjian"
08-15 22:15:30.118  1669  4436 I ActivityTaskManager: START u0 {act=android.intent.action.MAIN cat=[android.intent.category.LAUNCHER] flg=0x10200000 cmp=top.onethinker.yunjian/.MainActivity} with LAUNCH_SINGLE_TASK from uid 2000 (BAL_ALLOW_PERMISSION) result code=0
08-15 22:15:30.121  1669  3030 I AppsFilter: interaction: PackageSetting{5190403 com.google.android.microdroid.empty_payload/10259} -> PackageSetting{d74011c top.onethinker.yunjian/10282} BLOCKED
08-15 22:15:30.121  2050  2070 V WindowManagerShell: Transition requested (#81): android.os.BinderProxy@79f9989 TransitionRequestInfo { type = OPEN, triggerTask = TaskInfo{userId=0 taskId=67 displayId=0 isRunning=true baseIntent=Intent { act=android.intent.action.MAIN cat=[android.intent.category.LAUNCHER] flg=0x10200000 cmp=top.onethinker.yunjian/.MainActivity } baseActivity=ComponentInfo{top.onethinker.yunjian/top.onethinker.yunjian.MainActivity} topActivity=ComponentInfo{top.onethinker.yunjian/top.onethinker.yunjian.MainActivity} origActivity=null realActivity=ComponentInfo{top.onethinker.yunjian/top.onethinker.yunjian.MainActivity} numActivities=1 lastActiveTime=6792387 supportsMultiWindow=true resizeMode=1 isResizeable=true minWidth=-1 minHeight=-1 defaultMinSize=220 token=WCT{android.window.IWindowContainerToken$Stub$Proxy@8b24d8e} topActivityType=1 pictureInPictureParams=null shouldDockBigOverlays=false launchIntoPipHostTaskId=-1 lastParentTaskIdBeforePip=-1 displayCutoutSafeInsets=Rect(0, 132 - 0, 0) topActivityInfo=ActivityInfo{16079af top.onethinker.yunjian.MainActivity} launchCookies=[] positionInParent=Point(0, 0) parentTaskId=-1 isFocused=false isVisible=false isVisibleRequested=false isSleeping=false locusId=null displayAreaFeatureId=1 isTopActivityTransparent=false appCompatTaskInfo=AppCompatTaskInfo { topActivityInSizeCompat=false topActivityEligibleForLetterboxEducation= falseisLetterboxEducationEnabled= false isLetterboxDoubleTapEnabled= false topActivityEligibleForUserAspectRatioButton= false topActivityBoundsLetterboxed= false isFromLetterboxDoubleTap= false topActivityLetterboxVerticalPosition= -1 topActivityLetterboxHorizontalPosition= -1 topActivityLetterboxWidth=1080 topActivityLetterboxHeight=2400 isUserFullscreenOverrideEnabled=false isSystemFullscreenOverrideEnabled=false cameraCompatTaskInfo=CameraCompatTaskInfo { cameraCompatControlState=hidden freeformCameraCompatMode=inactive}}}, pipTask = null, remoteTransition = null, displayChange = null, flags = 0, debugId = 81 }
08-15 22:15:30.123  9475  9475 I TopTaskTracker: onTaskMovedToFront: (moved taskInfo to front) taskId=67, baseIntent=Intent { act=android.intent.action.MAIN cat=[android.intent.category.LAUNCHER] flg=0x10200000 cmp=top.onethinker.yunjian/.MainActivity }
08-15 22:15:30.129  1669  1770 I ActivityManager: Start proc 26609:top.onethinker.yunjian/u0a282 for next-top-activity {top.onethinker.yunjian/top.onethinker.yunjian.MainActivity}
08-15 22:15:30.131 26598 26598 I AndroidRuntime: VM exiting with result code 0.
08-15 22:15:30.139 26609 26609 I thinker.yunjian: Late-enabling -Xcheck:jni
08-15 22:15:30.149  1669  2676 D CoreBackPreview: Window{cc7e94c u0 Splash Screen top.onethinker.yunjian}: Setting back callback OnBackInvokedCallbackInfo{mCallback=android.window.IOnBackInvokedCallback$Stub$Proxy@9cbea9b, mPriority=0, mIsAnimationCallback=false}
08-15 22:15:30.155   546   546 W gralloc4: Unable to set buffer name VRI[yunjian]#34(BLAST Consumer)34: File name too long
08-15 22:15:30.158   546   546 W gralloc4: Unable to set buffer name VRI[yunjian]#34(BLAST Consumer)34: File name too long
08-15 22:15:30.162  1669  1751 V WindowManager: Sent Transition (#81) createdAt=08-15 22:15:30.111 via request=TransitionRequestInfo { type = OPEN, triggerTask = TaskInfo{userId=0 taskId=67 displayId=0 isRunning=true baseIntent=Intent { act=android.intent.action.MAIN cat=[android.intent.category.LAUNCHER] flg=0x10200000 cmp=top.onethinker.yunjian/.MainActivity } baseActivity=ComponentInfo{top.onethinker.yunjian/top.onethinker.yunjian.MainActivity} topActivity=ComponentInfo{top.onethinker.yunjian/top.onethinker.yunjian.MainActivity} origActivity=null realActivity=ComponentInfo{top.onethinker.yunjian/top.onethinker.yunjian.MainActivity} numActivities=1 lastActiveTime=6792387 supportsMultiWindow=true resizeMode=1 isResizeable=true minWidth=-1 minHeight=-1 defaultMinSize=220 token=WCT{RemoteToken{1b815e4 Task{3e603d8 #67 type=standard A=10282:top.onethinker.yunjian}}} topActivityType=1 pictureInPictureParams=null shouldDockBigOverlays=false launchIntoPipHostTaskId=-1 lastParentTaskIdBeforePip=-1 displayCutoutSafeInsets=Rect(0, 132 - 0, 0) topActivityInfo=ActivityInfo{464fa4d top.onethinker.yunjian.MainActivity} launchCookies=[] positionInParent=Point(0, 0) parentTaskId=-1 isFocused=false isVisible=false isVisibleRequested=false isSleeping=false locusId=null displayAreaFeatureId=1 isTopActivityTransparent=false appCompatTaskInfo=AppCompatTaskInfo { topActivityInSizeCompat=false topActivityEligibleForLetterboxEducation= falseisLetterboxEducationEnabled= false isLetterboxDoubleTapEnabled= false topActivityEligibleForUserAspectRatioButton= false topActivityBoundsLetterboxed= false isFromLetterboxDoubleTap= false topActivityLetterboxVerticalPosition= -1 topActivityLetterboxHorizontalPosition= -1 topActivityLetterboxWidth=1080 topActivityLetterboxHeight=2400 isUserFullscreenOverrideEnabled=false isSystemFullscreenOverrideEnabled=false cameraCompatTaskInfo=CameraCompatTaskInfo { cameraCompatControlState=hidden freeformCameraCompatMode=inactive}}}, pipTask = null, remoteTransition = null, displayChange = null, flags = 0, debugId = 81 }
08-15 22:15:30.162  1669  1751 V WindowManager:         {WCT{RemoteToken{1b815e4 Task{3e603d8 #67 type=standard A=10282:top.onethinker.yunjian}}} m=OPEN f=NONE leash=Surface(name=Task=67)/@0x229db76 sb=Rect(0, 0 - 1080, 2400) eb=Rect(0, 0 - 1080, 2400) d=0 taskParent=-1},
08-15 22:15:30.164   546   546 W gralloc4: Unable to set buffer name VRI[yunjian]#34(BLAST Consumer)34: File name too long
08-15 22:15:30.166 26609 26609 I thinker.yunjian: Using CollectorTypeCMC GC.
08-15 22:15:30.170   546   546 W gralloc4: Unable to set buffer name VRI[yunjian]#34(BLAST Consumer)34: File name too long
08-15 22:15:30.172   546   546 W gralloc4: Unable to set buffer name VRI[yunjian]#34(BLAST Consumer)34: File name too long
08-15 22:15:30.319 26609 26609 D nativeloader: Configuring clns-7 for other apk /data/app/~~e5nrP1wpwX0zhx-LC9mcpg==/top.onethinker.yunjian-q5b3Sv81O7L49bq-TnzjYw==/base.apk. target_sdk_version=36, uses_libraries=, library_path=/data/app/~~e5nrP1wpwX0zhx-LC9mcpg==/top.onethinker.yunjian-q5b3Sv81O7L49bq-TnzjYw==/lib/arm64:/data/app/~~e5nrP1wpwX0zhx-LC9mcpg==/top.onethinker.yunjian-q5b3Sv81O7L49bq-TnzjYw==/base.apk!/lib/arm64-v8a, permitted_path=/data:/mnt/expand:/data/user/0/top.onethinker.yunjian
08-15 22:15:30.324 26609 26609 V GraphicsEnvironment: top.onethinker.yunjian is not listed in per-application setting
08-15 22:15:30.363 26609 26624 D vulkan  : searching for layers in '/data/app/~~e5nrP1wpwX0zhx-LC9mcpg==/top.onethinker.yunjian-q5b3Sv81O7L49bq-TnzjYw==/lib/arm64'
08-15 22:15:30.363 26609 26624 D vulkan  : searching for layers in '/data/app/~~e5nrP1wpwX0zhx-LC9mcpg==/top.onethinker.yunjian-q5b3Sv81O7L49bq-TnzjYw==/base.apk!/lib/arm64-v8a'
08-15 22:15:30.444 26609 26609 D nativeloader: Load /data/app/~~e5nrP1wpwX0zhx-LC9mcpg==/top.onethinker.yunjian-q5b3Sv81O7L49bq-TnzjYw==/base.apk!/lib/arm64-v8a/libyunjian_app.so using class loader ns clns-7 (caller=/data/app/~~e5nrP1wpwX0zhx-LC9mcpg==/top.onethinker.yunjian-q5b3Sv81O7L49bq-TnzjYw==/base.apk!classes7.dex): ok
08-15 22:15:30.457 26609 26630 I RustStdoutStderr: 2026-08-15T22:15:30.456492207Z  INFO yunjian_core::logger: 日志已初始化 level="info" json=false timezone="local" to_file=true dir=/data/user/0/top.onethinker.yunjian/cache/yunjian/logs
08-15 22:15:30.457 26609 26630 I RustStdoutStderr: 2026-08-15T22:15:30.457139546Z  INFO yunjian_app: 云笺桌面端启动 app="yunjian" version="0.1.0"
--------- beginning of crash
08-15 22:15:30.459 26609 26631 F libc    : Fatal signal 6 (SIGABRT), code -1 (SI_QUEUE) in tid 26631 (thinker.yunjian), pid 26609 (thinker.yunjian)
08-15 22:15:30.541 26609 26609 I thinker.yunjian: hiddenapi: Accessing hidden method Landroid/view/ViewGroup;->makeOptionalFitsSystemWindows()V (runtime_flags=0, domain=platform, api=unsupported) from Landroidx/appcompat/widget/ViewUtils; (domain=app, TargetSdkVersion=36) using reflection: allowed
08-15 22:15:30.566  1669  4436 D CoreBackPreview: Window{90053d9 u0 top.onethinker.yunjian/top.onethinker.yunjian.MainActivity}: Setting back callback OnBackInvokedCallbackInfo{mCallback=android.window.IOnBackInvokedCallback$Stub$Proxy@4c37113, mPriority=0, mIsAnimationCallback=false}
08-15 22:15:30.606  1669  1751 I ActivityTaskManager: Displayed top.onethinker.yunjian/.MainActivity for user 0: +489ms
08-15 22:15:30.618  1669  1920 I ImeTracker: top.onethinker.yunjian:b50630e3: onRequestHide at ORIGIN_SERVER reason HIDE_UNSPECIFIED_WINDOW fromUser false
08-15 22:15:30.618  1669  1920 I ImeTracker: top.onethinker.yunjian:b50630e3: onCancelled at PHASE_SERVER_SHOULD_HIDE
08-15 22:15:30.625 14167 14167 I GoogleInputMethodService: GoogleInputMethodService.onStartInput():1986 onStartInput(EditorInfo{EditorInfo{packageName=top.onethinker.yunjian, inputType=0, inputTypeString=NULL, enableLearning=false, autoCorrection=false, autoComplete=false, imeOptions=0, privateImeOptions=null, actionName=UNSPECIFIED, actionLabel=null, initialSelStart=-1, initialSelEnd=-1, initialCapsMode=0, label=null, fieldId=0, fieldName=null, extras=null, hintText=null, hintLocales=[]}}, false)
08-15 22:15:30.626  1669  4436 W PackageConfigPersister: App-specific configuration not found for packageName: top.onethinker.yunjian and userId: 0
YUNJIAN-MEASURE app_launch crashed=true

===== SCREENSHOT (evidence, not a verdict) =====
/sdcard/yunjian-launch.png: 1 file pulled. 28.3 MB/s (3234835 bytes in 0.109s)

===== CRITERION 3 - CHINESE IME =====
Input method com.google.android.inputmethod.latin/com.android.inputmethod.latin.LatinIME: already enabled for user #0
Input method com.google.android.inputmethod.latin/com.android.inputmethod.latin.LatinIME selected for user #0
default_input_method=com.google.android.inputmethod.latin/com.android.inputmethod.latin.LatinIME
zh subtype count=1
persist.sys.locale=zh-CN
YUNJIAN-MEASURE chinese_ime device_model=Pixel 8
YUNJIAN-MEASURE chinese_ime os_build=15/35
YUNJIAN-MEASURE chinese_ime target_sdk=36
YUNJIAN-MEASURE chinese_ime default_ime=com.google.android.inputmethod.latin/com.android.inputmethod.latin.LatinIME
YUNJIAN-MEASURE chinese_ime zh_subtype_count=1
YUNJIAN-MEASURE chinese_ime runtime_locale=zh-CN
YUNJIAN-MEASURE-UNAVAILABLE chinese_ime entered_text reason=needs_in_app_instrumentation
YUNJIAN-MEASURE-UNAVAILABLE chinese_ime keyboard_overlap_px reason=needs_in_app_instrumentation
YUNJIAN-MEASURE-UNAVAILABLE chinese_ime input_visible reason=needs_in_app_instrumentation
YUNJIAN-MEASURE-UNAVAILABLE chinese_ime visual_viewport_updated reason=needs_in_app_instrumentation

===== CRITERION 1 - MICROPHONE (hardware only; PCM needs in-app AudioRecord) =====
feature:android.hardware.audio.low_latency
feature:android.hardware.microphone
  mic mute FromSwitch=false FromRestrictions=false FromApi=false from system=false
YUNJIAN-MEASURE microphone_capture device_model=Pixel 8
YUNJIAN-MEASURE microphone_capture os_build=15/35
YUNJIAN-MEASURE microphone_capture hardware_present=true
YUNJIAN-MEASURE-UNAVAILABLE microphone_capture sample_rate_hz reason=needs_in_app_audiorecord
YUNJIAN-MEASURE-UNAVAILABLE microphone_capture channel_count reason=needs_in_app_audiorecord
YUNJIAN-MEASURE-UNAVAILABLE microphone_capture rms reason=needs_in_app_audiorecord_and_device_farm_has_no_audio_injection
YUNJIAN-MEASURE-UNAVAILABLE microphone_capture permission_plugin reason=needs_in_app_instrumentation

===== CRITERION 2 - CORPUS MATERIALIZATION (headroom only; path is in-process) =====
Filesystem       Size Used Avail Use% Mounted on
/dev/block/dm-57 110G 6.3G  103G   6% /data/user/0
--- 8.8.8.8 ping statistics ---
2 packets transmitted, 2 received, 0% packet loss, time 1001ms
rtt min/avg/max/mdev = 11.104/12.510/13.916/1.406 ms
YUNJIAN-MEASURE corpus_materialization device_model=Pixel 8
YUNJIAN-MEASURE corpus_materialization os_build=15/35
YUNJIAN-MEASURE-UNAVAILABLE corpus_materialization artifact_bytes reason=needs_in_app_production_fetch
YUNJIAN-MEASURE-UNAVAILABLE corpus_materialization sha256_verified reason=needs_in_app_production_fetch
YUNJIAN-MEASURE-UNAVAILABLE corpus_materialization duration_seconds reason=needs_in_app_production_fetch
YUNJIAN-MEASURE-UNAVAILABLE corpus_materialization atomic_install reason=needs_in_app_production_fetch
YUNJIAN-MEASURE-UNAVAILABLE corpus_materialization crashed reason=needs_in_app_production_fetch
YUNJIAN-MEASURE-UNAVAILABLE corpus_materialization production_path reason=needs_in_app_production_fetch

===== PROBE COMPLETE =====
